[2m2026-06-05T11:46:51.995880Z[0m [[32m[1minfo     [0m] [1msheet.connected               [0m [36mcolumns[0m=[35m40[0m [36mworksheet[0m=[35mSheet1[0m
[2m2026-06-05T11:46:51.996418Z[0m [[32m[1minfo     [0m] [1mproxy.rotating_force_type     [0m [36mcount[0m=[35m1[0m [36mforce_type[0m=[35mmobile[0m
[2m2026-06-05T11:46:51.997029Z[0m [[32m[1minfo     [0m] [1mproxy.loaded                  [0m [36mcount[0m=[35m1[0m [36mmode[0m=[35mrotating[0m
[2m2026-06-05T11:46:52.574915Z[0m [[32m[1minfo     [0m] [1msheet.pending_rows            [0m [36mcount[0m=[35m0[0m
[2m2026-06-05T11:55:29.627245Z[0m [[32m[1minfo     [0m] [1msheet.connected               [0m [36mcolumns[0m=[35m40[0m [36mworksheet[0m=[35mSheet1[0m
[2m2026-06-05T11:55:29.628818Z[0m [[32m[1minfo     [0m] [1mproxy.rotating_force_type     [0m [36mcount[0m=[35m1[0m [36mforce_type[0m=[35mmobile[0m
[2m2026-06-05T11:55:29.629345Z[0m [[32m[1minfo     [0m] [1mproxy.loaded                  [0m [36mcount[0m=[35m1[0m [36mmode[0m=[35mrotating[0m
[2m2026-06-05T11:55:30.387071Z[0m [[32m[1minfo     [0m] [1msheet.pending_rows            [0m [36mcount[0m=[35m0[0m
[2m2026-06-05T19:30:20.494609Z[0m [[32m[1minfo     [0m] [1msheet.connected               [0m [36mcolumns[0m=[35m40[0m [36mworksheet[0m=[35mSheet1[0m
[2m2026-06-05T19:30:20.495878Z[0m [[32m[1minfo     [0m] [1mproxy.loaded                  [0m [36mcount[0m=[35m1[0m [36mmode[0m=[35mrotating[0m
[2m2026-06-05T19:30:20.918347Z[0m [[32m[1minfo     [0m] [1msheet.pending_rows            [0m [36mcount[0m=[35m2[0m
[2m2026-06-05T19:30:21.019763Z[0m [[32m[1minfo     [0m] [1mrow.start                     [0m [36mrow[0m=[35m2[0m
[2m2026-06-05T19:30:21.519183Z[0m [[32m[1minfo     [0m] [1mdevice.fingerprint            [0m [36mlocale[0m=[35mpt-BR[0m [36mmodel[0m=[35m'iPhone 16 Pro'[0m [36mviewport[0m=[35m{'width': 414, 'height': 642}[0m
[2m2026-06-05T19:30:23.770420Z[0m [[32m[1minfo     [0m] [1mrow.attempt                   [0m [36mattempt[0m=[35m1[0m [36mproxy[0m=[35mhttp://****:****@res.proxy-seller.com:10000[0m [36mproxy_ip[0m=[35m69.80.88.116[0m [36mproxy_type[0m=[35munknown[0m [36mrow[0m=[35m2[0m
[2m2026-06-05T19:30:27.688858Z[0m [[32m[1minfo     [0m] [1mstealth.injected              [0m [36mcarrier[0m=[35m'Boost Mobile'[0m [36mconnection[0m=[35m'4G LTE Advanced'[0m [36mios[0m=[35mTrue[0m [36mnetwork_type[0m=[35mcellular[0m [36mwebgl[0m=[35mQualcomm[0m
[2m2026-06-05T19:30:27.689596Z[0m [[32m[1minfo     [0m] [1mform.navigating               [0m [36mrow[0m=[35m2[0m [36murl[0m=[35m'https://spaxads.gotrackier.com/click?campaign_id=1128&pub_id=2'[0m
[2m2026-06-05T19:30:39.761626Z[0m [[33m[1mwarning  [0m] [1mrow.error                     [0m [36mattempt[0m=[35m1[0m [36merror_type[0m=[35mproxy_error[0m [36mmsg[0m=[35m'Page failed to load (chrome-error://chromewebdata/) — proxy unreachable or blocked'[0m [36mrow[0m=[35m2[0m
[2m2026-06-05T19:30:42.675272Z[0m [[32m[1minfo     [0m] [1msheet.row_updated             [0m [36mrow[0m=[35m2[0m [36mstatus[0m=[35mRetry[0m
[2m2026-06-05T19:30:42.675773Z[0m [[32m[1minfo     [0m] [1mrow.backoff                   [0m [36mdelay[0m=[35m2[0m [36mrow[0m=[35m2[0m
[2m2026-06-05T19:30:44.681486Z[0m [[32m[1minfo     [0m] [1mdevice.fingerprint            [0m [36mlocale[0m=[35men-GB[0m [36mmodel[0m=[35m'Galaxy S23 Ultra'[0m [36mviewport[0m=[35m{'width': 369, 'height': 705}[0m
[2m2026-06-05T19:30:48.032459Z[0m [[32m[1minfo     [0m] [1mrow.attempt                   [0m [36mattempt[0m=[35m2[0m [36mproxy[0m=[35mhttp://****:****@res.proxy-seller.com:10000[0m [36mproxy_ip[0m=[35m140.186.36.28[0m [36mproxy_type[0m=[35munknown[0m [36mrow[0m=[35m2[0m
[2m2026-06-05T19:30:50.157973Z[0m [[32m[1minfo     [0m] [1mstealth.injected              [0m [36mcarrier[0m=[35mT-Mobile[0m [36mconnection[0m=[35m'4G LTE'[0m [36mios[0m=[35mFalse[0m [36mnetwork_type[0m=[35mcellular[0m [36mwebgl[0m=[35mQualcomm[0m
[2m2026-06-05T19:30:50.158707Z[0m [[32m[1minfo     [0m] [1mform.navigating               [0m [36mrow[0m=[35m2[0m [36murl[0m=[35m'https://spaxads.gotrackier.com/click?campaign_id=1128&pub_id=2'[0m
[2m2026-06-05T19:31:02.749896Z[0m [[33m[1mwarning  [0m] [1mrow.error                     [0m [36mattempt[0m=[35m2[0m [36merror_type[0m=[35mproxy_error[0m [36mmsg[0m=[35m'Page failed to load (chrome-error://chromewebdata/) — proxy unreachable or blocked'[0m [36mrow[0m=[35m2[0m
[2m2026-06-05T19:31:06.754407Z[0m [[32m[1minfo     [0m] [1msheet.row_updated             [0m [36mrow[0m=[35m2[0m [36mstatus[0m=[35mRetry[0m
[2m2026-06-05T19:31:06.755203Z[0m [[32m[1minfo     [0m] [1mrow.backoff                   [0m [36mdelay[0m=[35m4[0m [36mrow[0m=[35m2[0m
[2m2026-06-05T19:31:10.758356Z[0m [[32m[1minfo     [0m] [1mdevice.fingerprint            [0m [36mlocale[0m=[35men-US[0m [36mmodel[0m=[35m'iPhone 14 Pro'[0m [36mviewport[0m=[35m{'width': 380, 'height': 918}[0m
[2m2026-06-05T19:31:21.049049Z[0m [[32m[1minfo     [0m] [1mrow.attempt                   [0m [36mattempt[0m=[35m3[0m [36mproxy[0m=[35mhttp://****:****@res.proxy-seller.com:10000[0m [36mproxy_ip[0m=[35mres.proxy-seller.com[0m [36mproxy_type[0m=[35munknown[0m [36mrow[0m=[35m2[0m
[2m2026-06-05T19:31:23.272255Z[0m [[32m[1minfo     [0m] [1mstealth.injected              [0m [36mcarrier[0m=[35m'Boost Mobile'[0m [36mconnection[0m=[35m'LTE Weak Signal'[0m [36mios[0m=[35mTrue[0m [36mnetwork_type[0m=[35mcellular[0m [36mwebgl[0m=[35mARM[0m
[2m2026-06-05T19:31:23.272849Z[0m [[32m[1minfo     [0m] [1mform.navigating               [0m [36mrow[0m=[35m2[0m [36murl[0m=[35m'https://spaxads.gotrackier.com/click?campaign_id=1128&pub_id=2'[0m
[2m2026-06-05T19:31:58.521179Z[0m [[32m[1minfo     [0m] [1mform.frame                    [0m [36mrow[0m=[35m2[0m [36murl[0m=[35m'https://iframe.global/iframe?style=nova&novaPrimary=%23df4ed5&novaPrimaryHover=%'[0m
[2m2026-06-05T19:32:04.533119Z[0m [[32m[1minfo     [0m] [1mform.step                     [0m [36mrow[0m=[35m2[0m [36mstep[0m=[35m0[0m [36mtitle[0m=[35m'application error: a client-side exception has occurred whil'[0m
[2m2026-06-05T19:32:16.506016Z[0m [[33m[1mwarning  [0m] [1mrow.error                     [0m [36mattempt[0m=[35m3[0m [36merror_type[0m=[35mstuck[0m [36mmsg[0m=[35m"No handler matched step 0: 'application error: a client-side exception has occurred while loading iframe.global (see the browser console for more information).'"[0m [36mrow[0m=[35m2[0m
[2m2026-06-05T19:32:19.413604Z[0m [[32m[1minfo     [0m] [1msheet.row_updated             [0m [36mrow[0m=[35m2[0m [36mstatus[0m=[35mRetry[0m
[2m2026-06-05T19:32:19.414084Z[0m [[32m[1minfo     [0m] [1mrow.backoff                   [0m [36mdelay[0m=[35m8[0m [36mrow[0m=[35m2[0m
[2m2026-06-05T19:32:27.419807Z[0m [[32m[1minfo     [0m] [1mdevice.fingerprint            [0m [36mlocale[0m=[35mes-MX[0m [36mmodel[0m=[35m'iPhone 15'[0m [36mviewport[0m=[35m{'width': 410, 'height': 852}[0m
[2m2026-06-05T19:32:29.437190Z[0m [[32m[1minfo     [0m] [1mrow.attempt                   [0m [36mattempt[0m=[35m4[0m [36mproxy[0m=[35mhttp://****:****@res.proxy-seller.com:10000[0m [36mproxy_ip[0m=[35m108.48.38.70[0m [36mproxy_type[0m=[35munknown[0m [36mrow[0m=[35m2[0m
[2m2026-06-05T19:32:30.970048Z[0m [[32m[1minfo     [0m] [1mstealth.injected              [0m [36mcarrier[0m=[35mT-Mobile[0m [36mconnection[0m=[35m'5G mmWave'[0m [36mios[0m=[35mTrue[0m [36mnetwork_type[0m=[35mcellular[0m [36mwebgl[0m=[35mARM[0m
[2m2026-06-05T19:32:30.970489Z[0m [[32m[1minfo     [0m] [1mform.navigating               [0m [36mrow[0m=[35m2[0m [36murl[0m=[35m'https://spaxads.gotrackier.com/click?campaign_id=1128&pub_id=2'[0m
[2m2026-06-05T19:33:06.190936Z[0m [[32m[1minfo     [0m] [1mform.frame                    [0m [36mrow[0m=[35m2[0m [36murl[0m=[35m'https://iframe.global/iframe?style=nova&novaPrimary=%23df4ed5&novaPrimaryHover=%'[0m
[2m2026-06-05T19:33:12.206541Z[0m [[32m[1minfo     [0m] [1mform.step                     [0m [36mrow[0m=[35m2[0m [36mstep[0m=[35m0[0m [36mtitle[0m=[35m'application error: a client-side exception has occurred whil'[0m
[2m2026-06-05T19:33:24.212938Z[0m [[33m[1mwarning  [0m] [1mrow.error                     [0m [36mattempt[0m=[35m4[0m [36merror_type[0m=[35mstuck[0m [36mmsg[0m=[35m"No handler matched step 0: 'application error: a client-side exception has occurred while loading iframe.global (see the browser console for more information).'"[0m [36mrow[0m=[35m2[0m
[2m2026-06-05T19:33:27.479886Z[0m [[32m[1minfo     [0m] [1msheet.row_updated             [0m [36mrow[0m=[35m2[0m [36mstatus[0m=[35mFailed[0m
[2m2026-06-05T19:33:27.482921Z[0m [[32m[1minfo     [0m] [1mrow.start                     [0m [36mrow[0m=[35m3[0m
[2m2026-06-05T19:33:28.146312Z[0m [[32m[1minfo     [0m] [1mdevice.fingerprint            [0m [36mlocale[0m=[35men-GB[0m [36mmodel[0m=[35m'iPhone 14 Pro'[0m [36mviewport[0m=[35m{'width': 403, 'height': 903}[0m
[2m2026-06-05T19:33:30.206767Z[0m [[32m[1minfo     [0m] [1mrow.attempt                   [0m [36mattempt[0m=[35m1[0m [36mproxy[0m=[35mhttp://****:****@res.proxy-seller.com:10000[0m [36mproxy_ip[0m=[35m67.170.10.240[0m [36mproxy_type[0m=[35munknown[0m [36mrow[0m=[35m3[0m
[2m2026-06-05T19:33:32.563032Z[0m [[32m[1minfo     [0m] [1mstealth.injected              [0m [36mcarrier[0m=[35mAT&T[0m [36mconnection[0m=[35m'5G Sub-6GHz'[0m [36mios[0m=[35mTrue[0m [36mnetwork_type[0m=[35mcellular[0m [36mwebgl[0m=[35m'Apple Inc.'[0m
[2m2026-06-05T19:33:32.563522Z[0m [[32m[1minfo     [0m] [1mform.navigating               [0m [36mrow[0m=[35m3[0m [36murl[0m=[35m'https://spaxads.gotrackier.com/click?campaign_id=1128&pub_id=2'[0m
[2m2026-06-05T19:33:47.047827Z[0m [[33m[1mwarning  [0m] [1mrow.error                     [0m [36mattempt[0m=[35m1[0m [36merror_type[0m=[35mproxy_error[0m [36mmsg[0m=[35m'Page failed to load (chrome-error://chromewebdata/) — proxy unreachable or blocked'[0m [36mrow[0m=[35m3[0m
[2m2026-06-05T19:33:51.262199Z[0m [[32m[1minfo     [0m] [1msheet.row_updated             [0m [36mrow[0m=[35m3[0m [36mstatus[0m=[35mRetry[0m
[2m2026-06-05T19:33:51.262534Z[0m [[32m[1minfo     [0m] [1mrow.backoff                   [0m [36mdelay[0m=[35m2[0m [36mrow[0m=[35m3[0m
[2m2026-06-05T19:33:53.265303Z[0m [[32m[1minfo     [0m] [1mdevice.fingerprint            [0m [36mlocale[0m=[35men-US[0m [36mmodel[0m=[35m'iPhone 14 Pro'[0m [36mviewport[0m=[35m{'width': 375, 'height': 908}[0m
[2m2026-06-05T19:33:55.378283Z[0m [[32m[1minfo     [0m] [1mrow.attempt                   [0m [36mattempt[0m=[35m2[0m [36mproxy[0m=[35mhttp://****:****@res.proxy-seller.com:10000[0m [36mproxy_ip[0m=[35m24.154.219.207[0m [36mproxy_type[0m=[35munknown[0m [36mrow[0m=[35m3[0m
[2m2026-06-05T19:33:57.587050Z[0m [[32m[1minfo     [0m] [1mstealth.injected              [0m [36mcarrier[0m=[35m'US Cellular'[0m [36mconnection[0m=[35m'4G LTE Advanced'[0m [36mios[0m=[35mTrue[0m [36mnetwork_type[0m=[35mcellular[0m [36mwebgl[0m=[35mQualcomm[0m
[2m2026-06-05T19:33:57.587534Z[0m [[32m[1minfo     [0m] [1mform.navigating               [0m [36mrow[0m=[35m3[0m [36murl[0m=[35m'https://spaxads.gotrackier.com/click?campaign_id=1128&pub_id=2'[0m
[2m2026-06-05T19:34:32.793677Z[0m [[32m[1minfo     [0m] [1mform.frame                    [0m [36mrow[0m=[35m3[0m [36murl[0m=[35m'https://iframe.global/iframe?style=nova&novaPrimary=%23df4ed5&novaPrimaryHover=%'[0m
[2m2026-06-05T19:34:38.805905Z[0m [[32m[1minfo     [0m] [1mform.step                     [0m [36mrow[0m=[35m3[0m [36mstep[0m=[35m0[0m [36mtitle[0m=[35m'how much do you need?'[0m
[2m2026-06-05T19:34:44.494546Z[0m [[32m[1minfo     [0m] [1mform.step                     [0m [36mrow[0m=[35m3[0m [36mstep[0m=[35m1[0m [36mtitle[0m=[35m'enter your email address'[0m
[2m2026-06-05T19:34:46.267798Z[0m [[32m[1minfo     [0m] [1msheet.connected               [0m [36mcolumns[0m=[35m40[0m [36mworksheet[0m=[35mSheet1[0m
[2m2026-06-05T19:34:46.268350Z[0m [[32m[1minfo     [0m] [1mproxy.loaded                  [0m [36mcount[0m=[35m1[0m [36mmode[0m=[35mrotating[0m
[2m2026-06-05T19:34:46.877079Z[0m [[32m[1minfo     [0m] [1msheet.pending_rows            [0m [36mcount[0m=[35m2[0m
[2m2026-06-05T19:34:46.899272Z[0m [[32m[1minfo     [0m] [1mrow.start                     [0m [36mrow[0m=[35m2[0m
[2m2026-06-05T19:34:47.323116Z[0m [[32m[1minfo     [0m] [1mdevice.fingerprint            [0m [36mlocale[0m=[35mes-MX[0m [36mmodel[0m=[35m'Redmi Note 13 Pro'[0m [36mviewport[0m=[35m{'width': 409, 'height': 740}[0m
[2m2026-06-05T19:34:49.928719Z[0m [[32m[1minfo     [0m] [1mrow.attempt                   [0m [36mattempt[0m=[35m1[0m [36mproxy[0m=[35mhttp://****:****@res.proxy-seller.com:10000[0m [36mproxy_ip[0m=[35m173.77.241.212[0m [36mproxy_type[0m=[35munknown[0m [36mrow[0m=[35m2[0m
[2m2026-06-05T19:34:50.975880Z[0m [[32m[1minfo     [0m] [1mform.step                     [0m [36mrow[0m=[35m3[0m [36mstep[0m=[35m2[0m [36mtitle[0m=[35m'last 4 digits of your ssn'[0m
[2m2026-06-05T19:34:52.269953Z[0m [[32m[1minfo     [0m] [1mstealth.injected              [0m [36mcarrier[0m=[35mAT&T[0m [36mconnection[0m=[35m'4G LTE'[0m [36mios[0m=[35mFalse[0m [36mnetwork_type[0m=[35mcellular[0m [36mwebgl[0m=[35mARM[0m
[2m2026-06-05T19:34:52.270803Z[0m [[32m[1minfo     [0m] [1mform.navigating               [0m [36mrow[0m=[35m2[0m [36murl[0m=[35m'https://spaxads.gotrackier.com/click?campaign_id=1128&pub_id=2'[0m
[2m2026-06-05T19:34:57.516008Z[0m [[32m[1minfo     [0m] [1mform.step                     [0m [36mrow[0m=[35m3[0m [36mstep[0m=[35m3[0m [36mtitle[0m=[35m'what is your credit score?'[0m
[2m2026-06-05T19:35:02.980431Z[0m [[32m[1minfo     [0m] [1mform.step                     [0m [36mrow[0m=[35m3[0m [36mstep[0m=[35m4[0m [36mtitle[0m=[35m'your legal name'[0m
[2m2026-06-05T19:35:09.497142Z[0m [[32m[1minfo     [0m] [1mform.step                     [0m [36mrow[0m=[35m3[0m [36mstep[0m=[35m5[0m [36mtitle[0m=[35m'hi jennifer, what is your date of birth?'[0m
[2m2026-06-05T19:35:15.965113Z[0m [[32m[1minfo     [0m] [1mform.step                     [0m [36mrow[0m=[35m3[0m [36mstep[0m=[35m6[0m [36mtitle[0m=[35m'what is your zip code?'[0m
[2m2026-06-05T19:35:21.723952Z[0m [[32m[1minfo     [0m] [1mform.frame                    [0m [36mrow[0m=[35m2[0m [36murl[0m=[35m'https://iframe.global/iframe?style=nova&novaPrimary=%23df4ed5&novaPrimaryHover=%'[0m
[2m2026-06-05T19:35:24.116650Z[0m [[32m[1minfo     [0m] [1mform.step                     [0m [36mrow[0m=[35m3[0m [36mstep[0m=[35m7[0m [36mtitle[0m=[35m'what is your street address?'[0m
[2m2026-06-05T19:35:27.732510Z[0m [[33m[1mwarning  [0m] [1mform.get_title_error          [0m [36merror[0m=[35m'Frame.evaluate: Target page, context or browser has been closed'[0m
[2m2026-06-05T19:35:27.735687Z[0m [[33m[1mwarning  [0m] [1mscreenshot.failed             [0m [36merror[0m=[35m'Page.screenshot: Target page, context or browser has been closed'[0m
[2m2026-06-05T19:35:28.006977Z[0m [[33m[1mwarning  [0m] [1mrow.error                     [0m [36mattempt[0m=[35m1[0m [36merror_type[0m=[35mbrowser_closed[0m [36mmsg[0m=[35m'Browser closed unexpectedly at step 0'[0m [36mrow[0m=[35m2[0m
[2m2026-06-05T19:35:30.690830Z[0m [[32m[1minfo     [0m] [1mform.step                     [0m [36mrow[0m=[35m3[0m [36mstep[0m=[35m8[0m [36mtitle[0m=[35m'what is your source of income?'[0m
[2m2026-06-05T19:35:31.719138Z[0m [[32m[1minfo     [0m] [1msheet.row_updated             [0m [36mrow[0m=[35m2[0m [36mstatus[0m=[35mRetry[0m
[2m2026-06-05T19:35:31.719559Z[0m [[32m[1minfo     [0m] [1mrow.backoff                   [0m [36mdelay[0m=[35m2[0m [36mrow[0m=[35m2[0m
[2m2026-06-05T19:35:33.722315Z[0m [[32m[1minfo     [0m] [1mdevice.fingerprint            [0m [36mlocale[0m=[35mfr-FR[0m [36mmodel[0m=[35m'Galaxy A54 (Samsung Browser)'[0m [36mviewport[0m=[35m{'width': 373, 'height': 693}[0m
[2m2026-06-05T19:35:36.195059Z[0m [[32m[1minfo     [0m] [1mform.step                     [0m [36mrow[0m=[35m3[0m [36mstep[0m=[35m9[0m [36mtitle[0m=[35m'are you active in the military?'[0m
[2m2026-06-05T19:35:36.752876Z[0m [[32m[1minfo     [0m] [1mrow.attempt                   [0m [36mattempt[0m=[35m2[0m [36mproxy[0m=[35mhttp://****:****@res.proxy-seller.com:10000[0m [36mproxy_ip[0m=[35m108.237.77.171[0m [36mproxy_type[0m=[35munknown[0m [36mrow[0m=[35m2[0m
[2m2026-06-05T19:35:40.131460Z[0m [[32m[1minfo     [0m] [1mstealth.injected              [0m [36mcarrier[0m=[35m'US Cellular'[0m [36mconnection[0m=[35m'LTE Weak Signal'[0m [36mios[0m=[35mFalse[0m [36mnetwork_type[0m=[35mcellular[0m [36mwebgl[0m=[35mQualcomm[0m
[2m2026-06-05T19:35:40.132243Z[0m [[32m[1minfo     [0m] [1mform.navigating               [0m [36mrow[0m=[35m2[0m [36murl[0m=[35m'https://spaxads.gotrackier.com/click?campaign_id=1128&pub_id=2'[0m
[2m2026-06-05T19:35:41.615604Z[0m [[32m[1minfo     [0m] [1mform.step                     [0m [36mrow[0m=[35m3[0m [36mstep[0m=[35m10[0m [36mtitle[0m=[35m'how often are you paid?'[0m
[2m2026-06-05T19:35:42.268725Z[0m [[33m[1mwarning  [0m] [1mrow.error                     [0m [36mattempt[0m=[35m2[0m [36merror_type[0m=[35mstuck[0m [36mmsg[0m=[35m"No handler matched step 10: 'how often are you paid?'"[0m [36mrow[0m=[35m3[0m
[2m2026-06-05T19:35:45.223285Z[0m [[32m[1minfo     [0m] [1msheet.row_updated             [0m [36mrow[0m=[35m3[0m [36mstatus[0m=[35mRetry[0m
[2m2026-06-05T19:35:45.223729Z[0m [[32m[1minfo     [0m] [1mrow.backoff                   [0m [36mdelay[0m=[35m4[0m [36mrow[0m=[35m3[0m
[2m2026-06-05T19:35:49.227353Z[0m [[32m[1minfo     [0m] [1mdevice.fingerprint            [0m [36mlocale[0m=[35men-US[0m [36mmodel[0m=[35m'Galaxy S24'[0m [36mviewport[0m=[35m{'width': 384, 'height': 704}[0m
[2m2026-06-05T19:35:54.833992Z[0m [[32m[1minfo     [0m] [1mrow.attempt                   [0m [36mattempt[0m=[35m3[0m [36mproxy[0m=[35mhttp://****:****@res.proxy-seller.com:10000[0m [36mproxy_ip[0m=[35mres.proxy-seller.com[0m [36mproxy_type[0m=[35munknown[0m [36mrow[0m=[35m3[0m
[2m2026-06-05T19:35:57.113417Z[0m [[32m[1minfo     [0m] [1mstealth.injected              [0m [36mcarrier[0m=[35mT-Mobile[0m [36mconnection[0m=[35m'5G mmWave'[0m [36mios[0m=[35mFalse[0m [36mnetwork_type[0m=[35mcellular[0m [36mwebgl[0m=[35mQualcomm[0m
[2m2026-06-05T19:35:57.114145Z[0m [[32m[1minfo     [0m] [1mform.navigating               [0m [36mrow[0m=[35m3[0m [36murl[0m=[35m'https://spaxads.gotrackier.com/click?campaign_id=1128&pub_id=2'[0m
[2m2026-06-05T19:36:19.465462Z[0m [[33m[1mwarning  [0m] [1mform.iframe_not_found         [0m [36mfallback[0m=[35mmain_frame[0m
[2m2026-06-05T19:36:19.466572Z[0m [[32m[1minfo     [0m] [1mform.frame                    [0m [36mrow[0m=[35m2[0m [36murl[0m=[35mabout:blank[0m
[2m2026-06-05T19:36:25.474835Z[0m [[33m[1mwarning  [0m] [1mform.get_title_error          [0m [36merror[0m=[35m'Frame.evaluate: Target page, context or browser has been closed'[0m
[2m2026-06-05T19:36:25.476835Z[0m [[33m[1mwarning  [0m] [1mscreenshot.failed             [0m [36merror[0m=[35m'Page.screenshot: Target page, context or browser has been closed'[0m
[2m2026-06-05T19:36:25.686270Z[0m [[33m[1mwarning  [0m] [1mrow.error                     [0m [36mattempt[0m=[35m2[0m [36merror_type[0m=[35mbrowser_closed[0m [36mmsg[0m=[35m'Browser closed unexpectedly at step 0'[0m [36mrow[0m=[35m2[0m
[2m2026-06-05T19:36:30.243237Z[0m [[32m[1minfo     [0m] [1msheet.row_updated             [0m [36mrow[0m=[35m2[0m [36mstatus[0m=[35mRetry[0m
[2m2026-06-05T19:36:30.243517Z[0m [[32m[1minfo     [0m] [1mrow.backoff                   [0m [36mdelay[0m=[35m4[0m [36mrow[0m=[35m2[0m
[2m2026-06-05T19:36:32.324640Z[0m [[32m[1minfo     [0m] [1mform.frame                    [0m [36mrow[0m=[35m3[0m [36murl[0m=[35m'https://iframe.global/iframe?style=nova&novaPrimary=%23df4ed5&novaPrimaryHover=%'[0m
[2m2026-06-05T19:36:34.244489Z[0m [[32m[1minfo     [0m] [1mdevice.fingerprint            [0m [36mlocale[0m=[35men-CA[0m [36mmodel[0m=[35m'iPhone 13 mini'[0m [36mviewport[0m=[35m{'width': 410, 'height': 872}[0m
[2m2026-06-05T19:36:38.331634Z[0m [[32m[1minfo     [0m] [1mform.step                     [0m [36mrow[0m=[35m3[0m [36mstep[0m=[35m0[0m [36mtitle[0m=[35m'how much do you need?'[0m
[2m2026-06-05T19:36:38.374958Z[0m [[32m[1minfo     [0m] [1mrow.attempt                   [0m [36mattempt[0m=[35m3[0m [36mproxy[0m=[35mhttp://****:****@res.proxy-seller.com:10000[0m [36mproxy_ip[0m=[35m108.26.216.224[0m [36mproxy_type[0m=[35munknown[0m [36mrow[0m=[35m2[0m
[2m2026-06-05T19:36:41.923543Z[0m [[32m[1minfo     [0m] [1mstealth.injected              [0m [36mcarrier[0m=[35m'Boost Mobile'[0m [36mconnection[0m=[35m'5G Sub-6GHz'[0m [36mios[0m=[35mTrue[0m [36mnetwork_type[0m=[35mcellular[0m [36mwebgl[0m=[35mARM[0m
[2m2026-06-05T19:36:41.924474Z[0m [[32m[1minfo     [0m] [1mform.navigating               [0m [36mrow[0m=[35m2[0m [36murl[0m=[35m'https://spaxads.gotrackier.com/click?campaign_id=1128&pub_id=2'[0m
[2m2026-06-05T19:36:43.891240Z[0m [[32m[1minfo     [0m] [1mform.step                     [0m [36mrow[0m=[35m3[0m [36mstep[0m=[35m1[0m [36mtitle[0m=[35m'enter your email address'[0m
[2m2026-06-05T19:36:50.317511Z[0m [[32m[1minfo     [0m] [1mform.step                     [0m [36mrow[0m=[35m3[0m [36mstep[0m=[35m2[0m [36mtitle[0m=[35m'last 4 digits of your ssn'[0m
[2m2026-06-05T19:36:54.099183Z[0m [[33m[1mwarning  [0m] [1mrow.error                     [0m [36mattempt[0m=[35m3[0m [36merror_type[0m=[35mproxy_error[0m [36mmsg[0m=[35m'Page failed to load (chrome-error://chromewebdata/) — proxy unreachable or blocked'[0m [36mrow[0m=[35m2[0m
[2m2026-06-05T19:36:56.793166Z[0m [[32m[1minfo     [0m] [1mform.step                     [0m [36mrow[0m=[35m3[0m [36mstep[0m=[35m3[0m [36mtitle[0m=[35m'what is your credit score?'[0m
[2m2026-06-05T19:36:57.034829Z[0m [[32m[1minfo     [0m] [1msheet.row_updated             [0m [36mrow[0m=[35m2[0m [36mstatus[0m=[35mRetry[0m
[2m2026-06-05T19:36:57.035306Z[0m [[32m[1minfo     [0m] [1mrow.backoff                   [0m [36mdelay[0m=[35m8[0m [36mrow[0m=[35m2[0m
[2m2026-06-05T19:37:02.164455Z[0m [[32m[1minfo     [0m] [1mform.step                     [0m [36mrow[0m=[35m3[0m [36mstep[0m=[35m4[0m [36mtitle[0m=[35m'your legal name'[0m
[2m2026-06-05T19:37:05.039434Z[0m [[32m[1minfo     [0m] [1mdevice.fingerprint            [0m [36mlocale[0m=[35mde-DE[0m [36mmodel[0m=[35m'Pixel 8'[0m [36mviewport[0m=[35m{'width': 417, 'height': 710}[0m
[2m2026-06-05T19:37:08.574496Z[0m [[32m[1minfo     [0m] [1mform.step                     [0m [36mrow[0m=[35m3[0m [36mstep[0m=[35m5[0m [36mtitle[0m=[35m'hi jennifer, what is your date of birth?'[0m
[2m2026-06-05T19:37:09.940645Z[0m [[32m[1minfo     [0m] [1mrow.attempt                   [0m [36mattempt[0m=[35m4[0m [36mproxy[0m=[35mhttp://****:****@res.proxy-seller.com:10000[0m [36mproxy_ip[0m=[35m73.28.197.229[0m [36mproxy_type[0m=[35munknown[0m [36mrow[0m=[35m2[0m
[2m2026-06-05T19:37:13.301317Z[0m [[32m[1minfo     [0m] [1mstealth.injected              [0m [36mcarrier[0m=[35mAT&T[0m [36mconnection[0m=[35m'4G LTE Advanced'[0m [36mios[0m=[35mFalse[0m [36mnetwork_type[0m=[35mcellular[0m [36mwebgl[0m=[35mQualcomm[0m
[2m2026-06-05T19:37:13.301828Z[0m [[32m[1minfo     [0m] [1mform.navigating               [0m [36mrow[0m=[35m2[0m [36murl[0m=[35m'https://spaxads.gotrackier.com/click?campaign_id=1128&pub_id=2'[0m
[2m2026-06-05T19:37:14.998250Z[0m [[32m[1minfo     [0m] [1mform.step                     [0m [36mrow[0m=[35m3[0m [36mstep[0m=[35m6[0m [36mtitle[0m=[35m'what is your zip code?'[0m
[2m2026-06-05T19:37:23.081107Z[0m [[32m[1minfo     [0m] [1mform.step                     [0m [36mrow[0m=[35m3[0m [36mstep[0m=[35m7[0m [36mtitle[0m=[35m'what is your street address?'[0m
[2m2026-06-05T19:37:29.514483Z[0m [[32m[1minfo     [0m] [1mform.step                     [0m [36mrow[0m=[35m3[0m [36mstep[0m=[35m8[0m [36mtitle[0m=[35m'what is your source of income?'[0m
[2m2026-06-05T19:37:32.481101Z[0m [[32m[1minfo     [0m] [1msheet.connected               [0m [36mcolumns[0m=[35m40[0m [36mworksheet[0m=[35mSheet1[0m
[2m2026-06-05T19:37:32.481630Z[0m [[32m[1minfo     [0m] [1mproxy.loaded                  [0m [36mcount[0m=[35m1[0m [36mmode[0m=[35mrotating[0m
[2m2026-06-05T19:37:32.880942Z[0m [[32m[1minfo     [0m] [1msheet.pending_rows            [0m [36mcount[0m=[35m2[0m
[2m2026-06-05T19:37:32.895224Z[0m [[32m[1minfo     [0m] [1mrow.start                     [0m [36mrow[0m=[35m2[0m
[2m2026-06-05T19:37:33.340432Z[0m [[32m[1minfo     [0m] [1mdevice.fingerprint            [0m [36mlocale[0m=[35men-CA[0m [36mmodel[0m=[35m'Galaxy S24 Ultra'[0m [36mviewport[0m=[35m{'width': 367, 'height': 861}[0m
[2m2026-06-05T19:37:34.927744Z[0m [[32m[1minfo     [0m] [1mform.step                     [0m [36mrow[0m=[35m3[0m [36mstep[0m=[35m9[0m [36mtitle[0m=[35m'are you active in the military?'[0m
[2m2026-06-05T19:37:35.043530Z[0m [[32m[1minfo     [0m] [1mrow.attempt                   [0m [36mattempt[0m=[35m1[0m [36mproxy[0m=[35mhttp://****:****@res.proxy-seller.com:10000[0m [36mproxy_ip[0m=[35m96.40.178.119[0m [36mproxy_type[0m=[35munknown[0m [36mrow[0m=[35m2[0m
[2m2026-06-05T19:37:37.149190Z[0m [[32m[1minfo     [0m] [1mstealth.injected              [0m [36mcarrier[0m=[35mT-Mobile[0m [36mconnection[0m=[35m'4G LTE'[0m [36mios[0m=[35mFalse[0m [36mnetwork_type[0m=[35mcellular[0m [36mwebgl[0m=[35mSamsung[0m
[2m2026-06-05T19:37:37.150064Z[0m [[32m[1minfo     [0m] [1mform.navigating               [0m [36mrow[0m=[35m2[0m [36murl[0m=[35m'https://spaxads.gotrackier.com/click?campaign_id=1128&pub_id=2'[0m
[2m2026-06-05T19:37:40.449677Z[0m [[32m[1minfo     [0m] [1mform.step                     [0m [36mrow[0m=[35m3[0m [36mstep[0m=[35m10[0m [36mtitle[0m=[35m'how often are you paid?'[0m
[2m2026-06-05T19:37:40.973748Z[0m [[33m[1mwarning  [0m] [1mrow.error                     [0m [36mattempt[0m=[35m3[0m [36merror_type[0m=[35mstuck[0m [36mmsg[0m=[35m"No handler matched step 10: 'how often are you paid?'"[0m [36mrow[0m=[35m3[0m
[2m2026-06-05T19:37:44.197714Z[0m [[32m[1minfo     [0m] [1msheet.row_updated             [0m [36mrow[0m=[35m3[0m [36mstatus[0m=[35mRetry[0m
[2m2026-06-05T19:37:44.199223Z[0m [[32m[1minfo     [0m] [1mrow.backoff                   [0m [36mdelay[0m=[35m8[0m [36mrow[0m=[35m3[0m
[2m2026-06-05T19:37:50.520816Z[0m [[33m[1mwarning  [0m] [1mform.iframe_not_found         [0m [36mfallback[0m=[35mmain_frame[0m
[2m2026-06-05T19:37:50.522049Z[0m [[32m[1minfo     [0m] [1mform.frame                    [0m [36mrow[0m=[35m2[0m [36murl[0m=[35mabout:blank[0m
[2m2026-06-05T19:37:52.203675Z[0m [[32m[1minfo     [0m] [1mdevice.fingerprint            [0m [36mlocale[0m=[35mfr-FR[0m [36mmodel[0m=[35m'Pixel 8'[0m [36mviewport[0m=[35m{'width': 412, 'height': 811}[0m
[2m2026-06-05T19:37:54.019514Z[0m [[32m[1minfo     [0m] [1mrow.attempt                   [0m [36mattempt[0m=[35m4[0m [36mproxy[0m=[35mhttp://****:****@res.proxy-seller.com:10000[0m [36mproxy_ip[0m=[35m68.134.121.214[0m [36mproxy_type[0m=[35munknown[0m [36mrow[0m=[35m3[0m
[2m2026-06-05T19:37:56.540363Z[0m [[33m[1mwarning  [0m] [1mform.get_title_error          [0m [36merror[0m=[35m'Frame.evaluate: Target page, context or browser has been closed'[0m
[2m2026-06-05T19:37:56.543063Z[0m [[33m[1mwarning  [0m] [1mscreenshot.failed             [0m [36merror[0m=[35m'Page.screenshot: Target page, context or browser has been closed'[0m
[2m2026-06-05T19:37:56.609146Z[0m [[32m[1minfo     [0m] [1mstealth.injected              [0m [36mcarrier[0m=[35m'US Cellular'[0m [36mconnection[0m=[35m'LTE Weak Signal'[0m [36mios[0m=[35mFalse[0m [36mnetwork_type[0m=[35mcellular[0m [36mwebgl[0m=[35mIntel[0m
[2m2026-06-05T19:37:56.609589Z[0m [[32m[1minfo     [0m] [1mform.navigating               [0m [36mrow[0m=[35m3[0m [36murl[0m=[35m'https://spaxads.gotrackier.com/click?campaign_id=1128&pub_id=2'[0m
[2m2026-06-05T19:37:56.813181Z[0m [[33m[1mwarning  [0m] [1mrow.error                     [0m [36mattempt[0m=[35m4[0m [36merror_type[0m=[35mbrowser_closed[0m [36mmsg[0m=[35m'Browser closed unexpectedly at step 0'[0m [36mrow[0m=[35m2[0m
[2m2026-06-05T19:38:00.487115Z[0m [[32m[1minfo     [0m] [1msheet.row_updated             [0m [36mrow[0m=[35m2[0m [36mstatus[0m=[35mFailed[0m
[2m2026-06-05T19:38:00.491967Z[0m [[32m[1minfo     [0m] [1mrow.start                     [0m [36mrow[0m=[35m3[0m
[2m2026-06-05T19:38:00.904243Z[0m [[32m[1minfo     [0m] [1mdevice.fingerprint            [0m [36mlocale[0m=[35mde-DE[0m [36mmodel[0m=[35m'iPhone 16'[0m [36mviewport[0m=[35m{'width': 421, 'height': 691}[0m
[2m2026-06-05T19:38:03.787304Z[0m [[32m[1minfo     [0m] [1mrow.attempt                   [0m [36mattempt[0m=[35m1[0m [36mproxy[0m=[35mhttp://****:****@res.proxy-seller.com:10000[0m [36mproxy_ip[0m=[35m73.133.48.127[0m [36mproxy_type[0m=[35munknown[0m [36mrow[0m=[35m3[0m
[2m2026-06-05T19:38:05.521181Z[0m [[32m[1minfo     [0m] [1mstealth.injected              [0m [36mcarrier[0m=[35mT-Mobile[0m [36mconnection[0m=[35m'5G mmWave'[0m [36mios[0m=[35mTrue[0m [36mnetwork_type[0m=[35mcellular[0m [36mwebgl[0m=[35mIntel[0m
[2m2026-06-05T19:38:05.522338Z[0m [[32m[1minfo     [0m] [1mform.navigating               [0m [36mrow[0m=[35m3[0m [36murl[0m=[35m'https://spaxads.gotrackier.com/click?campaign_id=1128&pub_id=2'[0m
[2m2026-06-05T19:38:12.515544Z[0m [[32m[1minfo     [0m] [1mform.frame                    [0m [36mrow[0m=[35m2[0m [36murl[0m=[35m'https://iframe.global/iframe?style=nova&novaPrimary=%23df4ed5&novaPrimaryHover=%'[0m
[2m2026-06-05T19:38:18.526978Z[0m [[33m[1mwarning  [0m] [1mform.get_title_error          [0m [36merror[0m=[35m'Frame.evaluate: Target page, context or browser has been closed'[0m
[2m2026-06-05T19:38:18.539527Z[0m [[33m[1mwarning  [0m] [1mscreenshot.failed             [0m [36merror[0m=[35m'Page.screenshot: Target page, context or browser has been closed'[0m
[2m2026-06-05T19:38:18.856846Z[0m [[33m[1mwarning  [0m] [1mrow.error                     [0m [36mattempt[0m=[35m1[0m [36merror_type[0m=[35mbrowser_closed[0m [36mmsg[0m=[35m'Browser closed unexpectedly at step 0'[0m [36mrow[0m=[35m2[0m
[2m2026-06-05T19:38:21.853266Z[0m [[32m[1minfo     [0m] [1msheet.row_updated             [0m [36mrow[0m=[35m2[0m [36mstatus[0m=[35mRetry[0m
[2m2026-06-05T19:38:21.853753Z[0m [[32m[1minfo     [0m] [1mrow.backoff                   [0m [36mdelay[0m=[35m2[0m [36mrow[0m=[35m2[0m
[2m2026-06-05T19:38:23.856717Z[0m [[32m[1minfo     [0m] [1mdevice.fingerprint            [0m [36mlocale[0m=[35men-IN[0m [36mmodel[0m=[35m'Galaxy S24'[0m [36mviewport[0m=[35m{'width': 396, 'height': 826}[0m
[2m2026-06-05T19:38:25.471784Z[0m [[32m[1minfo     [0m] [1mrow.attempt                   [0m [36mattempt[0m=[35m2[0m [36mproxy[0m=[35mhttp://****:****@res.proxy-seller.com:10000[0m [36mproxy_ip[0m=[35m64.56.29.59[0m [36mproxy_type[0m=[35munknown[0m [36mrow[0m=[35m2[0m
[2m2026-06-05T19:38:27.606364Z[0m [[32m[1minfo     [0m] [1mstealth.injected              [0m [36mcarrier[0m=[35m'Boost Mobile'[0m [36mconnection[0m=[35m'5G Sub-6GHz'[0m [36mios[0m=[35mFalse[0m [36mnetwork_type[0m=[35mcellular[0m [36mwebgl[0m=[35mARM[0m
[2m2026-06-05T19:38:27.607659Z[0m [[32m[1minfo     [0m] [1mform.navigating               [0m [36mrow[0m=[35m2[0m [36murl[0m=[35m'https://spaxads.gotrackier.com/click?campaign_id=1128&pub_id=2'[0m
[2m2026-06-05T19:38:31.838723Z[0m [[32m[1minfo     [0m] [1mform.frame                    [0m [36mrow[0m=[35m3[0m [36murl[0m=[35m'https://iframe.global/iframe?style=nova&novaPrimary=%23df4ed5&novaPrimaryHover=%'[0m
[2m2026-06-05T19:38:37.853617Z[0m [[32m[1minfo     [0m] [1mform.step                     [0m [36mrow[0m=[35m3[0m [36mstep[0m=[35m0[0m [36mtitle[0m=[35m'how much do you need?'[0m
[2m2026-06-05T19:38:43.387122Z[0m [[32m[1minfo     [0m] [1mform.step                     [0m [36mrow[0m=[35m3[0m [36mstep[0m=[35m1[0m [36mtitle[0m=[35m'enter your email address'[0m
[2m2026-06-05T19:38:46.583167Z[0m [[33m[1mwarning  [0m] [1mform.iframe_not_found         [0m [36mfallback[0m=[35mmain_frame[0m
[2m2026-06-05T19:38:46.584757Z[0m [[32m[1minfo     [0m] [1mform.frame                    [0m [36mrow[0m=[35m3[0m [36murl[0m=[35mabout:blank[0m
[2m2026-06-05T19:38:49.821414Z[0m [[32m[1minfo     [0m] [1mform.step                     [0m [36mrow[0m=[35m3[0m [36mstep[0m=[35m2[0m [36mtitle[0m=[35m'last 4 digits of your ssn'[0m
[2m2026-06-05T19:38:52.596089Z[0m [[33m[1mwarning  [0m] [1mform.get_title_error          [0m [36merror[0m=[35m'Frame.evaluate: Target page, context or browser has been closed'[0m
[2m2026-06-05T19:38:52.598448Z[0m [[33m[1mwarning  [0m] [1mscreenshot.failed             [0m [36merror[0m=[35m'Page.screenshot: Target page, context or browser has been closed'[0m
[2m2026-06-05T19:38:52.812349Z[0m [[33m[1mwarning  [0m] [1mrow.error                     [0m [36mattempt[0m=[35m1[0m [36merror_type[0m=[35mbrowser_closed[0m [36mmsg[0m=[35m'Browser closed unexpectedly at step 0'[0m [36mrow[0m=[35m3[0m
[2m2026-06-05T19:38:56.274140Z[0m [[32m[1minfo     [0m] [1mform.step                     [0m [36mrow[0m=[35m3[0m [36mstep[0m=[35m3[0m [36mtitle[0m=[35m'what is your credit score?'[0m
[2m2026-06-05T19:38:56.731082Z[0m [[32m[1minfo     [0m] [1msheet.row_updated             [0m [36mrow[0m=[35m3[0m [36mstatus[0m=[35mRetry[0m
[2m2026-06-05T19:38:56.731467Z[0m [[32m[1minfo     [0m] [1mrow.backoff                   [0m [36mdelay[0m=[35m2[0m [36mrow[0m=[35m3[0m
[2m2026-06-05T19:38:58.734850Z[0m [[32m[1minfo     [0m] [1mdevice.fingerprint            [0m [36mlocale[0m=[35men-IN[0m [36mmodel[0m=[35m'Galaxy S24 Ultra'[0m [36mviewport[0m=[35m{'width': 426, 'height': 913}[0m
[2m2026-06-05T19:39:00.811558Z[0m [[32m[1minfo     [0m] [1mrow.attempt                   [0m [36mattempt[0m=[35m2[0m [36mproxy[0m=[35mhttp://****:****@res.proxy-seller.com:10000[0m [36mproxy_ip[0m=[35m99.42.30.23[0m [36mproxy_type[0m=[35munknown[0m [36mrow[0m=[35m3[0m
[2m2026-06-05T19:39:01.620190Z[0m [[32m[1minfo     [0m] [1mform.step                     [0m [36mrow[0m=[35m3[0m [36mstep[0m=[35m4[0m [36mtitle[0m=[35m'your legal name'[0m
[2m2026-06-05T19:39:02.645954Z[0m [[32m[1minfo     [0m] [1mstealth.injected              [0m [36mcarrier[0m=[35m'Boost Mobile'[0m [36mconnection[0m=[35m'4G LTE Advanced'[0m [36mios[0m=[35mFalse[0m [36mnetwork_type[0m=[35mcellular[0m [36mwebgl[0m=[35mQualcomm[0m
[2m2026-06-05T19:39:02.646678Z[0m [[32m[1minfo     [0m] [1mform.navigating               [0m [36mrow[0m=[35m3[0m [36murl[0m=[35m'https://spaxads.gotrackier.com/click?campaign_id=1128&pub_id=2'[0m
[2m2026-06-05T19:39:05.131359Z[0m [[33m[1mwarning  [0m] [1mform.iframe_not_found         [0m [36mfallback[0m=[35mmain_frame[0m
[2m2026-06-05T19:39:05.132260Z[0m [[32m[1minfo     [0m] [1mform.frame                    [0m [36mrow[0m=[35m2[0m [36murl[0m=[35mabout:blank[0m
[2m2026-06-05T19:39:08.034702Z[0m [[32m[1minfo     [0m] [1mform.step                     [0m [36mrow[0m=[35m3[0m [36mstep[0m=[35m5[0m [36mtitle[0m=[35m'hi jennifer, what is your date of birth?'[0m
[2m2026-06-05T19:39:11.138615Z[0m [[33m[1mwarning  [0m] [1mform.get_title_error          [0m [36merror[0m=[35m'Frame.evaluate: Target page, context or browser has been closed'[0m
[2m2026-06-05T19:39:11.140776Z[0m [[33m[1mwarning  [0m] [1mscreenshot.failed             [0m [36merror[0m=[35m'Page.screenshot: Target page, context or browser has been closed'[0m
[2m2026-06-05T19:39:11.340769Z[0m [[33m[1mwarning  [0m] [1mrow.error                     [0m [36mattempt[0m=[35m2[0m [36merror_type[0m=[35mbrowser_closed[0m [36mmsg[0m=[35m'Browser closed unexpectedly at step 0'[0m [36mrow[0m=[35m2[0m
[2m2026-06-05T19:39:14.459431Z[0m [[32m[1minfo     [0m] [1mform.step                     [0m [36mrow[0m=[35m3[0m [36mstep[0m=[35m6[0m [36mtitle[0m=[35m'what is your zip code?'[0m
[2m2026-06-05T19:39:15.105648Z[0m [[32m[1minfo     [0m] [1msheet.row_updated             [0m [36mrow[0m=[35m2[0m [36mstatus[0m=[35mRetry[0m
[2m2026-06-05T19:39:15.106486Z[0m [[32m[1minfo     [0m] [1mrow.backoff                   [0m [36mdelay[0m=[35m4[0m [36mrow[0m=[35m2[0m
[2m2026-06-05T19:39:19.109700Z[0m [[32m[1minfo     [0m] [1mdevice.fingerprint            [0m [36mlocale[0m=[35mes-ES[0m [36mmodel[0m=[35m'Xiaomi 14'[0m [36mviewport[0m=[35m{'width': 369, 'height': 703}[0m
[2m2026-06-05T19:39:22.501789Z[0m [[32m[1minfo     [0m] [1mrow.attempt                   [0m [36mattempt[0m=[35m3[0m [36mproxy[0m=[35mhttp://****:****@res.proxy-seller.com:10000[0m [36mproxy_ip[0m=[35m76.105.22.190[0m [36mproxy_type[0m=[35munknown[0m [36mrow[0m=[35m2[0m
[2m2026-06-05T19:39:22.508430Z[0m [[32m[1minfo     [0m] [1mform.step                     [0m [36mrow[0m=[35m3[0m [36mstep[0m=[35m7[0m [36mtitle[0m=[35m'what is your street address?'[0m
[2m2026-06-05T19:39:24.220841Z[0m [[32m[1minfo     [0m] [1mstealth.injected              [0m [36mcarrier[0m=[35mAT&T[0m [36mconnection[0m=[35m'4G LTE'[0m [36mios[0m=[35mFalse[0m [36mnetwork_type[0m=[35mcellular[0m [36mwebgl[0m=[35mARM[0m
[2m2026-06-05T19:39:24.221774Z[0m [[32m[1minfo     [0m] [1mform.navigating               [0m [36mrow[0m=[35m2[0m [36murl[0m=[35m'https://spaxads.gotrackier.com/click?campaign_id=1128&pub_id=2'[0m
[2m2026-06-05T19:39:28.917672Z[0m [[32m[1minfo     [0m] [1mform.step                     [0m [36mrow[0m=[35m3[0m [36mstep[0m=[35m8[0m [36mtitle[0m=[35m'what is your source of income?'[0m
[2m2026-06-05T19:39:33.114228Z[0m [[33m[1mwarning  [0m] [1mform.get_title_error          [0m [36merror[0m=[35m'Frame.evaluate: Target page, context or browser has been closed'[0m
[2m2026-06-05T19:39:34.123423Z[0m [[33m[1mwarning  [0m] [1mform.get_title_error          [0m [36merror[0m=[35m'Frame.evaluate: Target page, context or browser has been closed'[0m
[2m2026-06-05T19:39:34.126143Z[0m [[33m[1mwarning  [0m] [1mscreenshot.failed             [0m [36merror[0m=[35m'Page.screenshot: Target page, context or browser has been closed'[0m
[2m2026-06-05T19:39:34.136849Z[0m [[33m[1mwarning  [0m] [1mrow.error                     [0m [36mattempt[0m=[35m4[0m [36merror_type[0m=[35mbrowser_closed[0m [36mmsg[0m=[35m'Browser closed unexpectedly at step 9'[0m [36mrow[0m=[35m3[0m
[2m2026-06-05T19:39:40.111443Z[0m [[32m[1minfo     [0m] [1msheet.row_updated             [0m [36mrow[0m=[35m3[0m [36mstatus[0m=[35mFailed[0m
[2m2026-06-05T19:39:40.829758Z[0m [[33m[1mwarning  [0m] [1mform.iframe_not_found         [0m [36mfallback[0m=[35mmain_frame[0m
[2m2026-06-05T19:39:40.830284Z[0m [[32m[1minfo     [0m] [1mform.frame                    [0m [36mrow[0m=[35m3[0m [36murl[0m=[35mabout:blank[0m
[2m2026-06-05T19:39:46.839339Z[0m [[33m[1mwarning  [0m] [1mform.get_title_error          [0m [36merror[0m=[35m'Frame.evaluate: Connection closed while reading from the driver'[0m
[2m2026-06-05T19:40:06.639120Z[0m [[33m[1mwarning  [0m] [1mform.iframe_not_found         [0m [36mfallback[0m=[35mmain_frame[0m
[2m2026-06-05T19:40:06.639416Z[0m [[32m[1minfo     [0m] [1mform.frame                    [0m [36mrow[0m=[35m2[0m [36murl[0m=[35mabout:blank[0m
[2m2026-06-05T19:40:12.649323Z[0m [[33m[1mwarning  [0m] [1mform.get_title_error          [0m [36merror[0m=[35m'Frame.evaluate: Target page, context or browser has been closed'[0m
[2m2026-06-05T19:40:12.651003Z[0m [[33m[1mwarning  [0m] [1mscreenshot.failed             [0m [36merror[0m=[35m'Page.screenshot: Target page, context or browser has been closed'[0m
[2m2026-06-05T19:40:12.658475Z[0m [[33m[1mwarning  [0m] [1mrow.error                     [0m [36mattempt[0m=[35m3[0m [36merror_type[0m=[35mbrowser_closed[0m [36mmsg[0m=[35m'Browser closed unexpectedly at step 0'[0m [36mrow[0m=[35m2[0m
[2m2026-06-05T19:40:16.462743Z[0m [[32m[1minfo     [0m] [1msheet.row_updated             [0m [36mrow[0m=[35m2[0m [36mstatus[0m=[35mRetry[0m
[2m2026-06-05T19:40:16.464026Z[0m [[32m[1minfo     [0m] [1mrow.backoff                   [0m [36mdelay[0m=[35m8[0m [36mrow[0m=[35m2[0m
[2m2026-06-05T19:40:24.465436Z[0m [[32m[1minfo     [0m] [1mdevice.fingerprint            [0m [36mlocale[0m=[35men-US[0m [36mmodel[0m=[35m'Galaxy S23 Ultra'[0m [36mviewport[0m=[35m{'width': 403, 'height': 812}[0m
[2m2026-06-05T19:40:26.873908Z[0m [[32m[1minfo     [0m] [1mrow.attempt                   [0m [36mattempt[0m=[35m4[0m [36mproxy[0m=[35mhttp://****:****@res.proxy-seller.com:10000[0m [36mproxy_ip[0m=[35m73.12.219.35[0m [36mproxy_type[0m=[35munknown[0m [36mrow[0m=[35m2[0m
[2m2026-06-05T19:40:28.830333Z[0m [[32m[1minfo     [0m] [1mstealth.injected              [0m [36mcarrier[0m=[35m'US Cellular'[0m [36mconnection[0m=[35m'LTE Weak Signal'[0m [36mios[0m=[35mFalse[0m [36mnetwork_type[0m=[35mcellular[0m [36mwebgl[0m=[35mARM[0m
[2m2026-06-05T19:40:28.831320Z[0m [[32m[1minfo     [0m] [1mform.navigating               [0m [36mrow[0m=[35m2[0m [36murl[0m=[35m'https://spaxads.gotrackier.com/click?campaign_id=1128&pub_id=2'[0m
[2m2026-06-05T19:41:05.849681Z[0m [[33m[1mwarning  [0m] [1mform.iframe_not_found         [0m [36mfallback[0m=[35mmain_frame[0m
[2m2026-06-05T19:41:05.849991Z[0m [[32m[1minfo     [0m] [1mform.frame                    [0m [36mrow[0m=[35m2[0m [36murl[0m=[35mabout:blank[0m
[2m2026-06-05T19:41:11.856119Z[0m [[33m[1mwarning  [0m] [1mform.get_title_error          [0m [36merror[0m=[35m'Frame.evaluate: Target page, context or browser has been closed'[0m
[2m2026-06-05T19:41:11.857604Z[0m [[33m[1mwarning  [0m] [1mscreenshot.failed             [0m [36merror[0m=[35m'Page.screenshot: Target page, context or browser has been closed'[0m
[2m2026-06-05T19:41:12.097438Z[0m [[33m[1mwarning  [0m] [1mrow.error                     [0m [36mattempt[0m=[35m4[0m [36merror_type[0m=[35mbrowser_closed[0m [36mmsg[0m=[35m'Browser closed unexpectedly at step 0'[0m [36mrow[0m=[35m2[0m
[2m2026-06-05T19:41:15.488827Z[0m [[32m[1minfo     [0m] [1msheet.row_updated             [0m [36mrow[0m=[35m2[0m [36mstatus[0m=[35mFailed[0m
[2m2026-06-05T19:41:15.490180Z[0m [[33m[1mwarning  [0m] [1mmain.stop_requested           [0m [36mmsg[0m=[35m'SIGTERM received — stopping cleanly'[0m
